
PROGRAM "Z:\bin\dc16.abs"

*********************************************************************************************
TARGET SECTION
---------------------------------------------------------------------------------------------
Processor   : Freescale HC08
Memory Model: SMALL
File Format : ELF\DWARF 2.0
Linker      : SmartLinker V-5.0.34 Build 8120, Apr 30 2008

*********************************************************************************************
FILE SECTION
---------------------------------------------------------------------------------------------
PRINTF.C.o (ansiis.lib)                 Model: SMALL,         Lang: ANSI-C
RTSHC08.C.o (ansiis.lib)                Model: SMALL,         Lang: ANSI-C
STRING.C.o (ansiis.lib)                 Model: SMALL,         Lang: ANSI-C
MC9S08JM60.C.o                          Model: SMALL,         Lang: ANSI-C
Start08.c.o                             Model: SMALL,         Lang: ANSI-C
cdct_usb_config.c.o                     Model: SMALL,         Lang: ANSI-C
target.c.o                              Model: SMALL,         Lang: ANSI-C
usb.c.o                                 Model: SMALL,         Lang: ANSI-C
SPI.c.o                                 Model: SMALL,         Lang: ANSI-C
Fat.c.o                                 Model: SMALL,         Lang: ANSI-C
SD.c.o                                  Model: SMALL,         Lang: ANSI-C
usb_cdc.c.o                             Model: SMALL,         Lang: ANSI-C
main.c.o                                Model: SMALL,         Lang: ANSI-C
Bootloader.c.o (JM60_Bootloader_V0.1.lib)Model: SMALL,         Lang: ANSI-C
ICP_Desc.c.o (JM60_Bootloader_V0.1.lib) Model: SMALL,         Lang: ANSI-C
ICP_Flash.c.o (JM60_Bootloader_V0.1.lib)Model: SMALL,         Lang: ANSI-C
ir.c.o                                  Model: SMALL,         Lang: ANSI-C
timeout.c.o                             Model: SMALL,         Lang: ANSI-C

*********************************************************************************************
STARTUP SECTION
---------------------------------------------------------------------------------------------
Entry point: 0x19DB (_Startup)
_startupData is allocated at 0x19E4 and uses 6 Bytes
extern struct _tagStartup {
  unsigned nofZeroOut     1
  _Range   pZeroOut       0x100     2922
  _Copy    *toCopyDownBeg 0x4EFE
} _startupData;

*********************************************************************************************
SECTION-ALLOCATION SECTION
Section Name                    Size  Type     From       To       Segment
---------------------------------------------------------------------------------------------
.data                             11   R/W      0x100      0x10A   RAM
.init                            132     R     0x1960     0x19E3   ROM
.startData                        18     R     0x19E4     0x19F5   ROM
.rodata                          367     R     0x19F6     0x1B64   ROM
.rodata1                         460     R     0x1B65     0x1D30   ROM
.text                          12749     R     0x1D31     0x4EFD   ROM
.copy                             16     R     0x4EFE     0x4F0D   ROM
Bootloader_ROM                   941     R     0xFC00     0xFFAC   Bootloader
.abs_section_0                     1   N/I        0x0        0x0   .absSeg0
.abs_section_1                     1   N/I        0x1        0x1   .absSeg1
.abs_section_2                     1   N/I        0x2        0x2   .absSeg2
.abs_section_3                     1   N/I        0x3        0x3   .absSeg3
.abs_section_4                     1   N/I        0x4        0x4   .absSeg4
.abs_section_5                     1   N/I        0x5        0x5   .absSeg5
.abs_section_6                     1   N/I        0x6        0x6   .absSeg6
.abs_section_7                     1   N/I        0x7        0x7   .absSeg7
.abs_section_8                     1   N/I        0x8        0x8   .absSeg8
.abs_section_9                     1   N/I        0x9        0x9   .absSeg9
.abs_section_a                     1   N/I        0xA        0xA   .absSeg10
.abs_section_b                     1   N/I        0xB        0xB   .absSeg11
.abs_section_c                     1   N/I        0xC        0xC   .absSeg12
.abs_section_d                     1   N/I        0xD        0xD   .absSeg13
.abs_section_e                     1   N/I        0xE        0xE   .absSeg14
.abs_section_10                    1   N/I       0x10       0x10   .absSeg15
.abs_section_11                    1   N/I       0x11       0x11   .absSeg16
.abs_section_16                    1   N/I       0x16       0x16   .absSeg17
.abs_section_17                    1   N/I       0x17       0x17   .absSeg18
.abs_section_18                    1   N/I       0x18       0x18   .absSeg19
.abs_section_1b                    1   N/I       0x1B       0x1B   .absSeg20
.abs_section_1c                    1   N/I       0x1C       0x1C   .absSeg21
.abs_section_1d                    1   N/I       0x1D       0x1D   .absSeg22
.abs_section_1e                    1   N/I       0x1E       0x1E   .absSeg23
.abs_section_20                    1   N/I       0x20       0x20   .absSeg24
.abs_section_25                    1   N/I       0x25       0x25   .absSeg25
.abs_section_28                    1   N/I       0x28       0x28   .absSeg26
.abs_section_2b                    1   N/I       0x2B       0x2B   .absSeg27
.abs_section_2e                    1   N/I       0x2E       0x2E   .absSeg28
.abs_section_31                    1   N/I       0x31       0x31   .absSeg29
.abs_section_34                    1   N/I       0x34       0x34   .absSeg30
.abs_section_3a                    1   N/I       0x3A       0x3A   .absSeg31
.abs_section_3b                    1   N/I       0x3B       0x3B   .absSeg32
.abs_section_3c                    1   N/I       0x3C       0x3C   .absSeg33
.abs_section_3d                    1   N/I       0x3D       0x3D   .absSeg34
.abs_section_3e                    1   N/I       0x3E       0x3E   .absSeg35
.abs_section_3f                    1   N/I       0x3F       0x3F   .absSeg36
.abs_section_42                    1   N/I       0x42       0x42   .absSeg37
.abs_section_43                    1   N/I       0x43       0x43   .absSeg38
.abs_section_44                    1   N/I       0x44       0x44   .absSeg39
.abs_section_45                    1   N/I       0x45       0x45   .absSeg40
.abs_section_46                    1   N/I       0x46       0x46   .absSeg41
.abs_section_47                    1   N/I       0x47       0x47   .absSeg42
.abs_section_48                    1   N/I       0x48       0x48   .absSeg43
.abs_section_49                    1   N/I       0x49       0x49   .absSeg44
.abs_section_4a                    1   N/I       0x4A       0x4A   .absSeg45
.abs_section_4b                    1   N/I       0x4B       0x4B   .absSeg46
.abs_section_4c                    1   N/I       0x4C       0x4C   .absSeg47
.abs_section_50                    1   N/I       0x50       0x50   .absSeg48
.abs_section_51                    1   N/I       0x51       0x51   .absSeg49
.abs_section_52                    1   N/I       0x52       0x52   .absSeg50
.abs_section_53                    1   N/I       0x53       0x53   .absSeg51
.abs_section_58                    1   N/I       0x58       0x58   .absSeg52
.abs_section_59                    1   N/I       0x59       0x59   .absSeg53
.abs_section_5a                    1   N/I       0x5A       0x5A   .absSeg54
.abs_section_5b                    1   N/I       0x5B       0x5B   .absSeg55
.abs_section_5c                    1   N/I       0x5C       0x5C   .absSeg56
.abs_section_5d                    1   N/I       0x5D       0x5D   .absSeg57
.abs_section_60                    1   N/I       0x60       0x60   .absSeg58
.abs_section_65                    1   N/I       0x65       0x65   .absSeg59
.abs_section_68                    1   N/I       0x68       0x68   .absSeg60
.abs_section_6c                    1   N/I       0x6C       0x6C   .absSeg61
.abs_section_6d                    1   N/I       0x6D       0x6D   .absSeg62
.abs_section_6e                    1   N/I       0x6E       0x6E   .absSeg63
.abs_section_70                    1   N/I       0x70       0x70   .absSeg64
.abs_section_71                    1   N/I       0x71       0x71   .absSeg65
.abs_section_72                    1   N/I       0x72       0x72   .absSeg66
.abs_section_73                    1   N/I       0x73       0x73   .absSeg67
.abs_section_80                    1   N/I       0x80       0x80   .absSeg68
.abs_section_88                    1   N/I       0x88       0x88   .absSeg69
.abs_section_89                    1   N/I       0x89       0x89   .absSeg70
.abs_section_8a                    1   N/I       0x8A       0x8A   .absSeg71
.abs_section_90                    1   N/I       0x90       0x90   .absSeg72
.abs_section_91                    1   N/I       0x91       0x91   .absSeg73
.abs_section_92                    1   N/I       0x92       0x92   .absSeg74
.abs_section_93                    1   N/I       0x93       0x93   .absSeg75
.abs_section_94                    1   N/I       0x94       0x94   .absSeg76
.abs_section_95                    1   N/I       0x95       0x95   .absSeg77
.abs_section_96                    1   N/I       0x96       0x96   .absSeg78
.abs_section_97                    1   N/I       0x97       0x97   .absSeg79
.abs_section_98                    1   N/I       0x98       0x98   .absSeg80
.abs_section_9d                    1   N/I       0x9D       0x9D   .absSeg81
.abs_section_9e                    1   N/I       0x9E       0x9E   .absSeg82
.abs_section_9f                    1   N/I       0x9F       0x9F   .absSeg83
.abs_section_a0                    1   N/I       0xA0       0xA0   .absSeg84
.abs_section_a1                    1   N/I       0xA1       0xA1   .absSeg85
.abs_section_a2                    1   N/I       0xA2       0xA2   .absSeg86
.abs_section_a3                    1   N/I       0xA3       0xA3   .absSeg87
.abs_section_1800                  1   N/I     0x1800     0x1800   .absSeg88
.abs_section_1801                  1   N/I     0x1801     0x1801   .absSeg89
.abs_section_1802                  1   N/I     0x1802     0x1802   .absSeg90
.abs_section_1803                  1   N/I     0x1803     0x1803   .absSeg91
.abs_section_1809                  1   N/I     0x1809     0x1809   .absSeg92
.abs_section_180a                  1   N/I     0x180A     0x180A   .absSeg93
.abs_section_1816                  1   N/I     0x1816     0x1816   .absSeg94
.abs_section_1817                  1   N/I     0x1817     0x1817   .absSeg95
.abs_section_1818                  1   N/I     0x1818     0x1818   .absSeg96
.abs_section_1820                  1   N/I     0x1820     0x1820   .absSeg97
.abs_section_1821                  1   N/I     0x1821     0x1821   .absSeg98
.abs_section_1823                  1   N/I     0x1823     0x1823   .absSeg99
.abs_section_1824                  1   N/I     0x1824     0x1824   .absSeg100
.abs_section_1825                  1   N/I     0x1825     0x1825   .absSeg101
.abs_section_1826                  1   N/I     0x1826     0x1826   .absSeg102
.abs_section_1840                  1   N/I     0x1840     0x1840   .absSeg103
.abs_section_1841                  1   N/I     0x1841     0x1841   .absSeg104
.abs_section_1842                  1   N/I     0x1842     0x1842   .absSeg105
.abs_section_1844                  1   N/I     0x1844     0x1844   .absSeg106
.abs_section_1845                  1   N/I     0x1845     0x1845   .absSeg107
.abs_section_1846                  1   N/I     0x1846     0x1846   .absSeg108
.abs_section_1848                  1   N/I     0x1848     0x1848   .absSeg109
.abs_section_1849                  1   N/I     0x1849     0x1849   .absSeg110
.abs_section_184a                  1   N/I     0x184A     0x184A   .absSeg111
.abs_section_184c                  1   N/I     0x184C     0x184C   .absSeg112
.abs_section_184d                  1   N/I     0x184D     0x184D   .absSeg113
.abs_section_184e                  1   N/I     0x184E     0x184E   .absSeg114
.abs_section_1850                  1   N/I     0x1850     0x1850   .absSeg115
.abs_section_1851                  1   N/I     0x1851     0x1851   .absSeg116
.abs_section_1852                  1   N/I     0x1852     0x1852   .absSeg117
.abs_section_1854                  1   N/I     0x1854     0x1854   .absSeg118
.abs_section_1855                  1   N/I     0x1855     0x1855   .absSeg119
.abs_section_1856                  1   N/I     0x1856     0x1856   .absSeg120
.abs_section_1858                  1   N/I     0x1858     0x1858   .absSeg121
.abs_section_1859                  1   N/I     0x1859     0x1859   .absSeg122
.abs_section_185a                  1   N/I     0x185A     0x185A   .absSeg123
.abs_section_12                    2   N/I       0x12       0x13   .absSeg124
.abs_section_14                    2   N/I       0x14       0x15   .absSeg125
.abs_section_21                    2   N/I       0x21       0x22   .absSeg126
.abs_section_23                    2   N/I       0x23       0x24   .absSeg127
.abs_section_26                    2   N/I       0x26       0x27   .absSeg128
.abs_section_29                    2   N/I       0x29       0x2A   .absSeg129
.abs_section_2c                    2   N/I       0x2C       0x2D   .absSeg130
.abs_section_2f                    2   N/I       0x2F       0x30   .absSeg131
.abs_section_32                    2   N/I       0x32       0x33   .absSeg132
.abs_section_35                    2   N/I       0x35       0x36   .absSeg133
.abs_section_38                    2   N/I       0x38       0x39   .absSeg134
.abs_section_40                    2   N/I       0x40       0x41   .absSeg135
.abs_section_54                    2   N/I       0x54       0x55   .absSeg136
.abs_section_56                    2   N/I       0x56       0x57   .absSeg137
.abs_section_61                    2   N/I       0x61       0x62   .absSeg138
.abs_section_63                    2   N/I       0x63       0x64   .absSeg139
.abs_section_66                    2   N/I       0x66       0x67   .absSeg140
.abs_section_69                    2   N/I       0x69       0x6A   .absSeg141
.abs_section_74                    2   N/I       0x74       0x75   .absSeg142
.abs_section_76                    2   N/I       0x76       0x77   .absSeg143
.abs_section_1806                  2   N/I     0x1806     0x1807   .absSeg144
.abs_section_1810                  2   N/I     0x1810     0x1811   .absSeg145
.abs_section_1812                  2   N/I     0x1812     0x1813   .absSeg146
.abs_section_1814                  2   N/I     0x1814     0x1815   .absSeg147
.abs_section_fff0                  2     R     0xFFF0     0xFFF1   .absSeg148
.abs_section_ffbf                  1     R     0xFFBF     0xFFBF   .absSeg149
.abs_section_ffbd                  1     R     0xFFBD     0xFFBD   .absSeg150
.abs_section_fbbc                  4     R     0xFBBC     0xFBBF   .absSeg151
.abs_section_fbc4                 58     R     0xFBC4     0xFBFD   .absSeg152
.abs_section_b0                    1   N/I       0xB0       0xB0   .absSeg153
.abs_section_b1                    1   N/I       0xB1       0xB1   .absSeg154
.abs_section_b2                    2   N/I       0xB2       0xB3   .absSeg155
.abs_section_b4                    2   N/I       0xB4       0xB5   .absSeg156
.abs_section_b6                    1   N/I       0xB6       0xB6   .absSeg157
.abs_section_b7                    1   N/I       0xB7       0xB7   .absSeg158
.abs_section_b8                    2   N/I       0xB8       0xB9   .absSeg159
.abs_section_ba                    1   N/I       0xBA       0xBA   .absSeg160
.abs_section_1860                  6   N/I     0x1860     0x1865   .absSeg161
.abs_section_1880                  1   N/I     0x1880     0x1880   .absSeg162
.abs_section_1890                  8   N/I     0x1890     0x1897   .absSeg163
.abs_section_ffda                  2     R     0xFFDA     0xFFDB   .absSeg164
.abs_section_ffdc                  2     R     0xFFDC     0xFFDD   .absSeg165
.bss                             231   R/W      0x10B      0x1F1   RAM
.common                         2680   R/W      0x1F2      0xC69   RAM
.stack                           256   R/W      0xC6A      0xD69   RAM
.vectSeg166_vect                   2     R     0xFFFE     0xFFFF   .vectSeg166

Summary of section sizes per section type:
READ_ONLY (R):        39A3 (dec:    14755)
READ_WRITE (R/W):      C6A (dec:     3178)
NO_INIT (N/I):          C6 (dec:      198)

*********************************************************************************************
VECTOR-ALLOCATION SECTION
    Address     InitValue   InitFunction
---------------------------------------------------------------------------------------------
     0xFFFE        0xFC00   _Entry

*********************************************************************************************
OBJECT-ALLOCATION SECTION
     Name               Module                 Addr   hSize   dSize     Ref    Section   RLIB
---------------------------------------------------------------------------------------------
MODULE:                 -- PRINTF.C.o (ansiis.lib) --
- PROCEDURES:
     vprintf                                   1D31     5AA    1450      37   .text       
     _out                                      22DB       D      13       9   .text       
     deposit_char                              22E8      15      21       1   .text       
     sprintf                                   22FD      3B      59       1   .text       
- VARIABLES:
     pow10                                     19F6      28      40       4   .rodata     
     pow16                                     1A1E      20      32       4   .rodata     
     pow8                                      1A3E      2C      44       4   .rodata     
     pbuf                                       10B       6       6      15   .bss        
MODULE:                 -- RTSHC08.C.o (ansiis.lib) --
- PROCEDURES:
     _PUSH_ARGS_L                              2338      20      32       2   .text       
     _ENTER_UNARY_L                            2358      29      41       3   .text       
     _ENTER_BINARY_L                           2381      16      22       3   .text       
     _ENTER_BINARY_L_RC                        2397      19      25       3   .text       
     _IDIVMOD                                  23B0      69     105       3   .text       
     _SPLITSIGN                                2419      1C      28       1   .text       
     _LADD_k_is_k_plus_j                       2435      1F      31       1   .text       
     _LSUB_k_is_k_minus_j                      2454      1F      31       1   .text       
     _LAND_k_is_k_and_j                        2473      1F      31       1   .text       
     _LDIVMOD                                  2492      A4     164       2   .text       
     _LMODU_k_is_k_mod_j                       2536       B      11       1   .text       
     _LDIVU_k_is_k_div_j                       2541      17      23       1   .text       
     _LCMP_k_rel_j                             2558      1F      31       1   .text       
     _IMUL_STAR08                              2577      27      39       6   .text       
     _IDIVS_STAR08                             259E      1B      27       1   .text       
     _IDIVU_STAR08                             25B9       D      13       2   .text       
     _IMODU_STAR08                             25C6      10      16       3   .text       
     _ILSR                                     25D6       C      12       1   .text       
     _ILSL                                     25E2       C      12       1   .text       
     _LNEG                                     25EE      1C      28       1   .text       
     _LADD                                     260A       6       6       3   .text       
     _LSUB                                     2610       6       6       5   .text       
     _LAND_RC                                  2616       6       6       2   .text       
     _LDIVU_RC                                 261C       6       6       1   .text       
     _LMODU_RC                                 2622       6       6       1   .text       
     _LLSR                                     2628      16      22       2   .text       
     _LLSL                                     263E      16      22       4   .text       
     _LCMP                                     2654       6       6      11   .text       
     _COPY                                     265A      30      48       8   .text       
     _POP32                                    268A      1A      26      14   .text       
     _SEXT16_32                                26A4       D      13       1   .text       
     _Jump_Table_Addr                          26B1      16      22       1   .text       
     _Jump_Table_Header_Addr                   26C7      2F      47       3   .text       
     _Jump_Table_Header_Offset                 26F6      24      36       3   .text       
     _Search_Table_8_Addr                      271A      21      33       1   .text       
     _Search_Table_8_Offset                    273B      25      37       1   .text       
     _PUSH_CC                                  2760       F      15       1   .text       
     _POP_CC                                   276F       F      15       1   .text       
- VARIABLES:
MODULE:                 -- STRING.C.o (ansiis.lib) --
- PROCEDURES:
     memset                                    277E      30      48       1   .text       
     strlen                                    27AE      27      39       2   .text       
     strcpy                                    27D5      29      41       2   .text       
     strncmp                                   27FE      54      84       6   .text       
- VARIABLES:
MODULE:                 -- MC9S08JM60.C.o --
- PROCEDURES:
- VARIABLES:
     _PTAD                                        0       1       1       0   .abs_section_0
     _PTADD                                       1       1       1       6   .abs_section_1
     _PTBD                                        2       1       1      19   .abs_section_2
     _PTBDD                                       3       1       1       6   .abs_section_3
     _PTCD                                        4       1       1       4   .abs_section_4
     _PTCDD                                       5       1       1       6   .abs_section_5
     _PTDD                                        6       1       1       0   .abs_section_6
     _PTDDD                                       7       1       1       8   .abs_section_7
     _PTED                                        8       1       1       9   .abs_section_8
     _PTEDD                                       9       1       1       7   .abs_section_9
     _PTFD                                        A       1       1      17   .abs_section_a
     _PTFDD                                       B       1       1       9   .abs_section_b
     _PTGD                                        C       1       1       7   .abs_section_c
     _PTGDD                                       D       1       1       3   .abs_section_d
     _ACMPSC                                      E       1       1       0   .abs_section_e
     _ADCSC1                                     10       1       1       0   .abs_section_10
     _ADCSC2                                     11       1       1       0   .abs_section_11
     _ADCCFG                                     16       1       1       0   .abs_section_16
     _APCTL1                                     17       1       1       0   .abs_section_17
     _APCTL2                                     18       1       1       0   .abs_section_18
     _IRQSC                                      1B       1       1       0   .abs_section_1b
     _KBISC                                      1C       1       1       3   .abs_section_1c
     _KBIPE                                      1D       1       1       2   .abs_section_1d
     _KBIES                                      1E       1       1       2   .abs_section_1e
     _TPM1SC                                     20       1       1       0   .abs_section_20
     _TPM1C0SC                                   25       1       1       0   .abs_section_25
     _TPM1C1SC                                   28       1       1       0   .abs_section_28
     _TPM1C2SC                                   2B       1       1       0   .abs_section_2b
     _TPM1C3SC                                   2E       1       1       0   .abs_section_2e
     _TPM1C4SC                                   31       1       1       0   .abs_section_31
     _TPM1C5SC                                   34       1       1       0   .abs_section_34
     _SCI1C1                                     3A       1       1       1   .abs_section_3a
     _SCI1C2                                     3B       1       1       1   .abs_section_3b
     _SCI1S1                                     3C       1       1       3   .abs_section_3c
     _SCI1S2                                     3D       1       1       1   .abs_section_3d
     _SCI1C3                                     3E       1       1       1   .abs_section_3e
     _SCI1D                                      3F       1       1       2   .abs_section_3f
     _SCI2C1                                     42       1       1       1   .abs_section_42
     _SCI2C2                                     43       1       1       1   .abs_section_43
     _SCI2S1                                     44       1       1       3   .abs_section_44
     _SCI2S2                                     45       1       1       1   .abs_section_45
     _SCI2C3                                     46       1       1       1   .abs_section_46
     _SCI2D                                      47       1       1       2   .abs_section_47
     _MCGC1                                      48       1       1       6   .abs_section_48
     _MCGC2                                      49       1       1       3   .abs_section_49
     _MCGTRM                                     4A       1       1       0   .abs_section_4a
     _MCGSC                                      4B       1       1      14   .abs_section_4b
     _MCGC3                                      4C       1       1       4   .abs_section_4c
     _SPI1C1                                     50       1       1       0   .abs_section_50
     _SPI1C2                                     51       1       1       0   .abs_section_51
     _SPI1BR                                     52       1       1       0   .abs_section_52
     _SPI1S                                      53       1       1       0   .abs_section_53
     _IICA                                       58       1       1       0   .abs_section_58
     _IICF                                       59       1       1       0   .abs_section_59
     _IICC1                                      5A       1       1       0   .abs_section_5a
     _IICS                                       5B       1       1       0   .abs_section_5b
     _IICD                                       5C       1       1       0   .abs_section_5c
     _IICC2                                      5D       1       1       0   .abs_section_5d
     _TPM2SC                                     60       1       1      11   .abs_section_60
     _TPM2C0SC                                   65       1       1       4   .abs_section_65
     _TPM2C1SC                                   68       1       1      11   .abs_section_68
     _RTCSC                                      6C       1       1       6   .abs_section_6c
     _RTCCNT                                     6D       1       1       0   .abs_section_6d
     _RTCMOD                                     6E       1       1       1   .abs_section_6e
     _SPI2C1                                     70       1       1       3   .abs_section_70
     _SPI2C2                                     71       1       1       1   .abs_section_71
     _SPI2BR                                     72       1       1       4   .abs_section_72
     _SPI2S                                      73       1       1       3   .abs_section_73
     _USBCTL0                                    80       1       1       9   .abs_section_80
     _PERID                                      88       1       1       0   .abs_section_88
     _IDCOMP                                     89       1       1       0   .abs_section_89
     _REV                                        8A       1       1       0   .abs_section_8a
     _INTSTAT                                    90       1       1      13   .abs_section_90
     _INTENB                                     91       1       1       7   .abs_section_91
     _ERRSTAT                                    92       1       1       1   .abs_section_92
     _ERRENB                                     93       1       1       1   .abs_section_93
     _STAT                                       94       1       1       4   .abs_section_94
     _CTL                                        95       1       1       8   .abs_section_95
     _ADDR                                       96       1       1       4   .abs_section_96
     _FRMNUML                                    97       1       1       0   .abs_section_97
     _FRMNUMH                                    98       1       1       0   .abs_section_98
     _EPCTL0                                     9D       1       1      10   .abs_section_9d
     _EPCTL1                                     9E       1       1       2   .abs_section_9e
     _EPCTL2                                     9F       1       1       0   .abs_section_9f
     _EPCTL3                                     A0       1       1       0   .abs_section_a0
     _EPCTL4                                     A1       1       1       0   .abs_section_a1
     _EPCTL5                                     A2       1       1       0   .abs_section_a2
     _EPCTL6                                     A3       1       1       0   .abs_section_a3
     _SRS                                      1800       1       1       0   .abs_section_1800
     _SBDFR                                    1801       1       1       0   .abs_section_1801
     _SOPT1                                    1802       1       1       2   .abs_section_1802
     _SOPT2                                    1803       1       1       1   .abs_section_1803
     _SPMSC1                                   1809       1       1       1   .abs_section_1809
     _SPMSC2                                   180A       1       1       1   .abs_section_180a
     _DBGC                                     1816       1       1       0   .abs_section_1816
     _DBGT                                     1817       1       1       0   .abs_section_1817
     _DBGS                                     1818       1       1       0   .abs_section_1818
     _FCDIV                                    1820       1       1       1   .abs_section_1820
     _FOPT                                     1821       1       1       0   .abs_section_1821
     _FCNFG                                    1823       1       1       0   .abs_section_1823
     _FPROT                                    1824       1       1       0   .abs_section_1824
     _FSTAT                                    1825       1       1       0   .abs_section_1825
     _FCMD                                     1826       1       1       0   .abs_section_1826
     _PTAPE                                    1840       1       1       0   .abs_section_1840
     _PTASE                                    1841       1       1       0   .abs_section_1841
     _PTADS                                    1842       1       1       0   .abs_section_1842
     _PTBPE                                    1844       1       1       1   .abs_section_1844
     _PTBSE                                    1845       1       1       0   .abs_section_1845
     _PTBDS                                    1846       1       1       0   .abs_section_1846
     _PTCPE                                    1848       1       1       0   .abs_section_1848
     _PTCSE                                    1849       1       1       0   .abs_section_1849
     _PTCDS                                    184A       1       1       0   .abs_section_184a
     _PTDPE                                    184C       1       1       0   .abs_section_184c
     _PTDSE                                    184D       1       1       0   .abs_section_184d
     _PTDDS                                    184E       1       1       0   .abs_section_184e
     _PTEPE                                    1850       1       1       0   .abs_section_1850
     _PTESE                                    1851       1       1       0   .abs_section_1851
     _PTEDS                                    1852       1       1       2   .abs_section_1852
     _PTFPE                                    1854       1       1       1   .abs_section_1854
     _PTFSE                                    1855       1       1       0   .abs_section_1855
     _PTFDS                                    1856       1       1       5   .abs_section_1856
     _PTGPE                                    1858       1       1       3   .abs_section_1858
     _PTGSE                                    1859       1       1       0   .abs_section_1859
     _PTGDS                                    185A       1       1       0   .abs_section_185a
     _ADCR                                       12       2       2       0   .abs_section_12
     _ADCCV                                      14       2       2       0   .abs_section_14
     _TPM1CNT                                    21       2       2       0   .abs_section_21
     _TPM1MOD                                    23       2       2       0   .abs_section_23
     _TPM1C0V                                    26       2       2       0   .abs_section_26
     _TPM1C1V                                    29       2       2       0   .abs_section_29
     _TPM1C2V                                    2C       2       2       0   .abs_section_2c
     _TPM1C3V                                    2F       2       2       0   .abs_section_2f
     _TPM1C4V                                    32       2       2       0   .abs_section_32
     _TPM1C5V                                    35       2       2       0   .abs_section_35
     _SCI1BD                                     38       2       2       7   .abs_section_38
     _SCI2BD                                     40       2       2       6   .abs_section_40
     _SPI1D16                                    54       2       2       0   .abs_section_54
     _SPI1M                                      56       2       2       0   .abs_section_56
     _TPM2CNT                                    61       2       2       0   .abs_section_61
     _TPM2MOD                                    63       2       2       0   .abs_section_63
     _TPM2C0V                                    66       2       2       0   .abs_section_66
     _TPM2C1V                                    69       2       2       2   .abs_section_69
     _SPI2D16                                    74       2       2       4   .abs_section_74
     _SPI2M                                      76       2       2       0   .abs_section_76
     _SDID                                     1806       2       2       0   .abs_section_1806
     _DBGCA                                    1810       2       2       0   .abs_section_1810
     _DBGCB                                    1812       2       2       0   .abs_section_1812
     _DBGF                                     1814       2       2       0   .abs_section_1814
MODULE:                 -- Start08.c.o --
- PROCEDURES:
     loadByte                                  1960       E      14       5   .init       
     Init                                      196E      6D     109       1   .init       
     _Startup                                  19DB       9       9       1   .init       
- VARIABLES:
     _startupData                              19E4       6       6       4   .startData  
- LABELS:
     __SEG_END_SSTACK                           D6A       0       0       1               
MODULE:                 -- cdct_usb_config.c.o --
- PROCEDURES:
     get_device_descriptor                     2852       4       4       1   .text       
     is_cfgd_index                             2856       A      10       2   .text       
     get_cfg_descriptor                        2860       8       8       1   .text       
     is_str_index                              2868       9       9       1   .text       
     get_str_descriptor                        2871       8       8       2   .text       
     is_ifc_ndx                                2879      1A      26       1   .text       
     is_ep_ndx                                 2893      24      36       1   .text       
     get_ep_descriptor                         28B7      27      39       1   .text       
- VARIABLES:
     string_descriptor0                        1A6A       4       4       1   .rodata     
     str_manufacturer                          1A6E      24      36       1   .rodata     
     str_config                                1A92      2C      44       1   .rodata     
     str_interface1                            1ABE       8       8       1   .rodata     
     str_interface2                            1AC6      12      18       1   .rodata     
     str_serail_number                         1AD8       A      10       1   .rodata     
     str_product                               1AE2      20      32       1   .rodata     
     usb_string_descriptors                    1B02       E      14       1   .rodata     
     usb_device_descriptor                     1B10      12      18       1   .rodata     
     usb_config_descriptor                     1B22      43      67       4   .rodata     
MODULE:                 -- target.c.o --
- PROCEDURES:
     init_clock                                28DE      29      41       1   .text       
     _irq_restore                              2907       B      11       3   .text       
     _irq_disable                              2912       A      10       3   .text       
     hw_init                                   291C       9       9       1   .text       
- VARIABLES:
MODULE:                 -- usb.c.o --
- PROCEDURES:
     usb_get_done                              2925      29      41       1   .text       
     usb_ep_is_busy                            294E      13      19       2   .text       
     usb_get_state                             2961       4       4       1   .text       
     usb_ep_error                              2965      11      17       2   .text       
     ep2bdtndx                                 2976      37      55       8   .text       
     usb_get_rx_pptr                           29AD      35      53       2   .text       
     send_zero_packet                          29E2      24      36       2   .text       
     usb_stop                                  2A06      22      34       1   .text       
     usb_setup_ep                              2A28     1B7     439      12   .text       
     set_config                                2BDF      BB     187       2   .text       
     enter_default_state                       2C9A      26      38       3   .text       
     usb_stop_ep_tx                            2CC0      29      41       3   .text       
     usb_stop_ep_rx                            2CE9      29      41       3   .text       
     ready_ep_tx                               2D12      3D      61       2   .text       
     ready_ep_rx                               2D4F      58      88       2   .text       
     disable_ep                                2DA7       6       6       1   .text       
     _usb_send                                 2DAD     20D     525       9   .text       
     usb_send                                  2FBA      C9     201       5   .text       
     _usb_receive                              3083     164     356       5   .text       
     usb_receive                               31E7      72     114       2   .text       
     cb_set_address                            3259      1A      26       1   .text       
     usb_stm_ctrl0                             3273     264     612      24   .text       
     usb_it_handler                            34D7     1EE     494       7   .text       
- VARIABLES:
     usb_current_config                         111       1       1       2   .bss        
     usb_state                                  112       1       1       5   .bss        
     new_address                                113       1       1       4   .bss        
     ep_info                                    114      6C     108     139   .bss        
     _Vector_7                                 FFF0       2       2       0   .abs_section_fff0
MODULE:                 -- SPI.c.o --
- PROCEDURES:
     SPI_Init                                  36C5       D      13       2   .text       
     SPI_Send_byte                             36D2       C      12      10   .text       
     SPI_Receive_byte                          36DE      17      23      10   .text       
     SPI_High_rate                             36F5       9       9       1   .text       
- VARIABLES:
MODULE:                 -- Fat.c.o --
- PROCEDURES:
     LWordSwap                                 36FE      7E     126       2   .text       
     FAT_Open_File_Size                        377C      19      25       1   .text       
     FAT_Read_Master_Block                     3795     12B     299       2   .text       
     FAT_Find                                  38C0     11D     285       8   .text       
     FAT_SearchAvailableFAT                    39DD      9B     155       2   .text       
     FAT_Entry                                 3A78     10C     268       2   .text       
     FAT_FileRead                              3B84      BD     189       2   .text       
     FAT_FileNameOrganizer                     3C41      43      67       1   .text       
     FAT_FileOpen                              3C84     308     776      16   .text       
- VARIABLES:
     u16Main_Offset                             180       2       2       7   .bss        
     WHandler                                   1F2      19      25      22   .common     
     RHandler                                   20B       A      10      20   .common     
     ag8FATReadBuffer                           215     200     512      20   .common     
     u16FAT_Sector_Size                         415       2       2      10   .common     
     u16FAT_Cluster_Size                        417       2       2       3   .common     
     u16FAT_FAT_BASE                            419       2       2      10   .common     
     u16FAT_Root_BASE                           41B       2       2      10   .common     
     u16FAT_Data_BASE                           41D       2       2       5   .common     
MODULE:                 -- SD.c.o --
- PROCEDURES:
     SD_Init                                   3F8C      6B     107       1   .text       
     SD_Write_Block                            3FF7      85     133       1   .text       
     SD_Read_Block                             407C      61      97       6   .text       
     SD_SendCommand                            40DD      3D      61       5   .text       
     SD_CLKDelay                               411A       F      15       2   .text       
- VARIABLES:
     gu8SD_Argument                             41F       4       4      11   .common     
MODULE:                 -- usb_cdc.c.o --
- PROCEDURES:
     usb_bus_error_event                       4129       1       1       1   .text       
     usb_suspend_event                         412A       1       1       1   .text       
     usb_wakeup_event                          412B       1       1       1   .text       
     usb_reset_event                           412C       1       1       1   .text       
     got_line_coding                           412D       8       8       1   .text       
     usb_ep0_callback                          4135      DF     223       1   .text       
     cdc_init                                  4214      1A      26       1   .text       
     cdc_process                               422E      D6     214       2   .text       
- VARIABLES:
     line_coding                                100       7       7       2   .data       
     rx_buffer                                  182      20      32       1   .bss        
     rx_length                                  1A2       1       1       5   .bss        
     rx_ndx                                     1A3       1       1       3   .bss        
     cur_tx_buffer                              1A4       2       2       4   .bss        
     tx_buffer1                                 1A6      20      32       3   .bss        
     tx_buffer2                                 1C6      20      32       1   .bss        
     tx_ndx                                     1E6       1       1       4   .bss        
     new_line_coding                            1E7       1       1       2   .bss        
     ctrl_line_state                            1E8       1       1       1   .bss        
     uart_state                                 1E9       2       2       2   .bss        
MODULE:                 -- main.c.o --
- PROCEDURES:
     main                                      4304     30B     779      20   .text       
     DC16_Button                               460F      4D      77       1   .text       
     DC16_File_Type                            465C      FB     251       4   .text       
     DC16_Webserver                            4757      D4     212       3   .text       
     DC16_Init                                 482B      ED     237       4   .text       
     set_clock_12MHz                           4918      30      48       2   .text       
     DC16_Led                                  4948      A1     161       1   .text       
     DC16_Get_Request                          49E9     173     371       5   .text       
     DC16_Com_Send                             4B5C      93     147       5   .text       
     DC16_Com_Recv                             4BEF      8F     143       1   .text       
     ultoa                                     4C7E      E6     230       1   .text       
     delay_ms                                  4D64      3E      62       2   .text       
     RTC_ISR                                   4DA2      30      48       1   .text       
     KBI_ISR                                   4DD2       5       5       1   .text       
     Dummy_ISR                                 4DD7       4       4      24   .text       
     _Entry                                    FC00      5C      92       0   Bootloader_ROM
- VARIABLES:
     STRING.Program.Started...1                1B65      12      18       1   .rodata1    
     STRING.ERR404.HTM.2                       1B77       B      11       1   .rodata1    
     STRING.HTM.3                              1B82       4       4       1   .rodata1    
     STRING.PNG.4                              1B86       4       4       1   .rodata1    
     STRING.JPG.5                              1B8A       4       4       1   .rodata1    
     STRING.GIF.6                              1B8E       4       4       1   .rodata1    
     STRING.BMP.7                              1B92       4       4       1   .rodata1    
     STRING.PDF.8                              1B96       4       4       1   .rodata1    
     STRING.HTTP.1.1.200.OK...9                1B9A      12      18       1   .rodata1    
     STRING.HTTP.1.1.404.Not.Fou.10            1BAC      19      25       1   .rodata1    
     STRING.HTTP.1.1.500.Server..11            1BC5      1C      28       1   .rodata1    
     STRING.Server..DC16.Web.Bad.12            1BE1      1D      29       1   .rodata1    
     STRING.Accept.Ranges..bytes.13            1BFE      17      23       1   .rodata1    
     STRING.Content.Length...s...14            1C15      15      21       1   .rodata1    
     STRING.Content.Type..text.h.15            1C2A      1C      28       1   .rodata1    
     STRING.Content.Type..image..16            1C46      1C      28       1   .rodata1    
     STRING.Content.Type..image..17            1C62      1C      28       1   .rodata1    
     STRING.Content.Type..image..18            1C7E      1C      28       1   .rodata1    
     STRING.Content.Type..image..19            1C9A      1C      28       1   .rodata1    
     STRING.Content.Type..Conten.20            1CB6      3E      62       1   .rodata1    
     STRING.Content.Type..Conten.21            1CF4      33      51       1   .rodata1    
     STRING.INDEX.HTM.32                       1D27       A      10       1   .rodata1    
     power_on_flag                              107       1       1       3   .data       
     guRxLed                                    108       1       1       5   .data       
     guTxLed                                    109       1       1       5   .data       
     usb_enabled_flag                           1EB       1       1       2   .bss        
     ir_rx_byte                                 1EC       1       1       1   .bss        
     counter                                    1ED       1       1       2   .bss        
     guLoadStep                                 1EE       2       2       4   .bss        
     NVOPT_INIT                                FFBF       1       1       0   .abs_section_ffbf
     NVPROT_INIT                               FFBD       1       1       0   .abs_section_ffbd
     _UserEntry                                FBBC       4       4       1   .abs_section_fbbc
     _Usr_Vector                               FBC4      3A      58       0   .abs_section_fbc4
     gau8Minicom                                423     200     512      13   .common     
     guLoadCLK                                  623       2       2       6   .common     
     guLoadBaud                                 625       2       2       5   .common     
     guLoadSCI                                  627       2       2       7   .common     
     Input_Buf                                  629     201     513       2   .common     
     Filename                                   82A     201     513       5   .common     
     scratch                                    A2B     200     512       2   .common     
MODULE:                 -- Bootloader.c.o (JM60_Bootloader_V0.1.lib) --
- PROCEDURES:
     ICP_USB_TX_Service                        FC5C      35      53       2   Bootloader_ROM
     ICP_USB_End_Service                       FC91      44      68       1   Bootloader_ROM
     ICP_Setup_Handler                         FCD5      AD     173       1   Bootloader_ROM
     ICP_USB_Wait                              FD82      14      20       2   Bootloader_ROM
     ICP_In_Handler                            FD96      27      39       1   Bootloader_ROM
     ICP_Out_Handler                           FDBD      5D      93       1   Bootloader_ROM
     Init_USB                                  FE1A      3E      62       1   Bootloader_ROM
     Bootloader_Main                           FE58      42      66       1   Bootloader_ROM
- VARIABLES:
     _ICP_VAR                                    B0       1       1      13   .abs_section_b0
     ICP_USB_State                               B1       1       1       6   .abs_section_b1
     pDataIN                                     B2       2       2       7   .abs_section_b2
     pDataBuf                                    B4       2       2       4   .abs_section_b4
     DataIN_Cnt                                  B6       1       1      10   .abs_section_b6
     vICPStatus                                  B7       1       1       5   .abs_section_b7
     vStartAddr                                  B8       2       2       3   .abs_section_b8
     vByteNumber                                 BA       1       1       3   .abs_section_ba
     ICP_BDT                                   1860       6       6      20   .abs_section_1860
     ICP_IN_Data                               1880       1       1       1   .abs_section_1880
     ICP_Setup                                 1890       8       8      12   .abs_section_1890
MODULE:                 -- ICP_Desc.c.o (JM60_Bootloader_V0.1.lib) --
- PROCEDURES:
- VARIABLES:
     ICP_DeviceDesc                            FE9A      12      18       2   Bootloader_ROM
     ICP_ConfigDesc                            FEAC      19      25       1   Bootloader_ROM
     ICP_StringDesc                            FEC5       2       2       1   Bootloader_ROM
     FLASHPGM_ROM                              FEC7      3B      59       1   Bootloader_ROM
MODULE:                 -- ICP_Flash.c.o (JM60_Bootloader_V0.1.lib) --
- PROCEDURES:
     Flash_Program                             FF02      31      49       1   Bootloader_ROM
     Flash_Verify                              FF33      3C      60       1   Bootloader_ROM
     Flash_Erase                               FF6F      11      17       1   Bootloader_ROM
     FLASHPGM_Copy                             FF80      2D      45       1   Bootloader_ROM
- VARIABLES:
     FLASHPGM                                   C2B      3B      59       7   .common     
MODULE:                 -- ir.c.o --
- PROCEDURES:
     ir_interrupt_period                       4DDB      35      53       2   .text       
     ir_as_falling_edge                        4E10       6       6       1   .text       
     isr_TPM2_TO                               4E16       D      13       2   .text       
     ir_timer_interrupt                        4E23      24      36       2   .text       
     infrared_dc16_protocol                    4E47      92     146       1   .text       
- VARIABLES:
     ir_temp_data                               10A       1       1       5   .data       
     _Vector_18                                FFDA       2       2       0   .abs_section_ffda
     _Vector_17                                FFDC       2       2       0   .abs_section_ffdc
     ir_command                                 C66       1       1       1   .common     
     ir_received_data                           C67       2       2       7   .common     
     ir_state                                   C69       1       1       5   .common     
MODULE:                 -- timeout.c.o --
- PROCEDURES:
     timeoutReset                              4ED9       6       6       3   .text       
     timeoutTouch                              4EDF       9       9       1   .text       
     timeout                                   4EE8      16      22       4   .text       
- VARIABLES:
     TimeMcOut                                  1F0       2       2       4   .bss        

*********************************************************************************************
MODULE STATISTIC
  Name                                      Data   Code  Const
---------------------------------------------------------------------------------------------
  PRINTF.C.o (ansiis.lib)                      6   1543    116
  RTSHC08.C.o (ansiis.lib)                     0   1094      0
  STRING.C.o (ansiis.lib)                      0    212      0
  MC9S08JM60.C.o                             172      0      0
  Start08.c.o                                  0    132      0
  cdct_usb_config.c.o                          0    140    251
  target.c.o                                   0     71      0
  usb.c.o                                    111   3488      2
  SPI.c.o                                      0     57      0
  Fat.c.o                                    559   2190      0
  SD.c.o                                       4    413      0
  usb_cdc.c.o                                112    475      0
  main.c.o                                  2064   2867    524
  Bootloader.c.o (JM60_Bootloader_V0.1.lib)    26    574      0
  ICP_Desc.c.o (JM60_Bootloader_V0.1.lib)      0    104      0
  ICP_Flash.c.o (JM60_Bootloader_V0.1.lib)    59    171      0
  ir.c.o                                       5    254      4
  timeout.c.o                                  2     37      0
  other                                      256     20     16

*********************************************************************************************
SECTION USE IN OBJECT-ALLOCATION SECTION
---------------------------------------------------------------------------------------------
SECTION: ".text"
  vprintf _out deposit_char sprintf _PUSH_ARGS_L _ENTER_UNARY_L 
  _ENTER_BINARY_L _ENTER_BINARY_L_RC _IDIVMOD _SPLITSIGN _LADD_k_is_k_plus_j 
  _LSUB_k_is_k_minus_j _LAND_k_is_k_and_j _LDIVMOD _LMODU_k_is_k_mod_j 
  _LDIVU_k_is_k_div_j _LCMP_k_rel_j _IMUL_STAR08 _IDIVS_STAR08 _IDIVU_STAR08 
  _IMODU_STAR08 _ILSR _ILSL _LNEG _LADD _LSUB _LAND_RC _LDIVU_RC _LMODU_RC 
  _LLSR _LLSL _LCMP _COPY _POP32 _SEXT16_32 _Jump_Table_Addr 
  _Jump_Table_Header_Addr _Jump_Table_Header_Offset _Search_Table_8_Addr 
  _Search_Table_8_Offset _PUSH_CC _POP_CC memset strlen strcpy strncmp 
  get_device_descriptor is_cfgd_index get_cfg_descriptor is_str_index 
  get_str_descriptor is_ifc_ndx is_ep_ndx get_ep_descriptor init_clock 
  _irq_restore _irq_disable hw_init usb_get_done usb_ep_is_busy usb_get_state 
  usb_ep_error ep2bdtndx usb_get_rx_pptr send_zero_packet usb_stop usb_setup_ep 
  set_config enter_default_state usb_stop_ep_tx usb_stop_ep_rx ready_ep_tx 
  ready_ep_rx disable_ep _usb_send usb_send _usb_receive usb_receive 
  cb_set_address usb_stm_ctrl0 usb_it_handler SPI_Init SPI_Send_byte 
  SPI_Receive_byte SPI_High_rate LWordSwap FAT_Open_File_Size 
  FAT_Read_Master_Block FAT_Find FAT_SearchAvailableFAT FAT_Entry FAT_FileRead 
  FAT_FileNameOrganizer FAT_FileOpen SD_Init SD_Write_Block SD_Read_Block 
  SD_SendCommand SD_CLKDelay usb_bus_error_event usb_suspend_event 
  usb_wakeup_event usb_reset_event got_line_coding usb_ep0_callback cdc_init 
  cdc_process main DC16_Button DC16_File_Type DC16_Webserver DC16_Init 
  set_clock_12MHz DC16_Led DC16_Get_Request DC16_Com_Send DC16_Com_Recv ultoa 
  delay_ms RTC_ISR KBI_ISR Dummy_ISR ir_interrupt_period ir_as_falling_edge 
  isr_TPM2_TO ir_timer_interrupt infrared_dc16_protocol timeoutReset 
  timeoutTouch timeout 
SECTION: ".data"
  line_coding power_on_flag guRxLed guTxLed ir_temp_data 
SECTION: ".bss"
  pbuf usb_current_config usb_state new_address ep_info u16Main_Offset 
  rx_buffer rx_length rx_ndx cur_tx_buffer tx_buffer1 tx_buffer2 tx_ndx 
  new_line_coding ctrl_line_state uart_state usb_enabled_flag ir_rx_byte 
  counter guLoadStep TimeMcOut 
SECTION: ".init"
  loadByte Init _Startup 
SECTION: ".rodata"
  pow10 pow16 pow8 string_descriptor0 str_manufacturer str_config 
  str_interface1 str_interface2 str_serail_number str_product 
  usb_string_descriptors usb_device_descriptor usb_config_descriptor 
SECTION: ".rodata1"
  STRING.Program.Started...1 STRING.ERR404.HTM.2 STRING.HTM.3 STRING.PNG.4 
  STRING.JPG.5 STRING.GIF.6 STRING.BMP.7 STRING.PDF.8 
  STRING.HTTP.1.1.200.OK...9 STRING.HTTP.1.1.404.Not.Fou.10 
  STRING.HTTP.1.1.500.Server..11 STRING.Server..DC16.Web.Bad.12 
  STRING.Accept.Ranges..bytes.13 STRING.Content.Length...s...14 
  STRING.Content.Type..text.h.15 STRING.Content.Type..image..16 
  STRING.Content.Type..image..17 STRING.Content.Type..image..18 
  STRING.Content.Type..image..19 STRING.Content.Type..Conten.20 
  STRING.Content.Type..Conten.21 STRING.INDEX.HTM.32 
SECTION: "Bootloader_ROM"
  _Entry ICP_USB_TX_Service ICP_USB_End_Service ICP_Setup_Handler ICP_USB_Wait 
  ICP_In_Handler ICP_Out_Handler Init_USB Bootloader_Main ICP_DeviceDesc 
  ICP_ConfigDesc ICP_StringDesc FLASHPGM_ROM Flash_Program Flash_Verify 
  Flash_Erase FLASHPGM_Copy 
SECTION: ".common"
  WHandler RHandler ag8FATReadBuffer u16FAT_Sector_Size u16FAT_Cluster_Size 
  u16FAT_FAT_BASE u16FAT_Root_BASE u16FAT_Data_BASE gu8SD_Argument gau8Minicom 
  guLoadCLK guLoadBaud guLoadSCI Input_Buf Filename scratch FLASHPGM ir_command 
  ir_received_data ir_state 
SECTION: ".abs_section_0"
  _PTAD 
SECTION: ".abs_section_1"
  _PTADD 
SECTION: ".abs_section_2"
  _PTBD 
SECTION: ".abs_section_3"
  _PTBDD 
SECTION: ".abs_section_4"
  _PTCD 
SECTION: ".abs_section_5"
  _PTCDD 
SECTION: ".abs_section_6"
  _PTDD 
SECTION: ".abs_section_7"
  _PTDDD 
SECTION: ".abs_section_8"
  _PTED 
SECTION: ".abs_section_9"
  _PTEDD 
SECTION: ".abs_section_a"
  _PTFD 
SECTION: ".abs_section_b"
  _PTFDD 
SECTION: ".abs_section_c"
  _PTGD 
SECTION: ".abs_section_d"
  _PTGDD 
SECTION: ".abs_section_e"
  _ACMPSC 
SECTION: ".abs_section_10"
  _ADCSC1 
SECTION: ".abs_section_11"
  _ADCSC2 
SECTION: ".abs_section_16"
  _ADCCFG 
SECTION: ".abs_section_17"
  _APCTL1 
SECTION: ".abs_section_18"
  _APCTL2 
SECTION: ".abs_section_1b"
  _IRQSC 
SECTION: ".abs_section_1c"
  _KBISC 
SECTION: ".abs_section_1d"
  _KBIPE 
SECTION: ".abs_section_1e"
  _KBIES 
SECTION: ".abs_section_20"
  _TPM1SC 
SECTION: ".abs_section_25"
  _TPM1C0SC 
SECTION: ".abs_section_28"
  _TPM1C1SC 
SECTION: ".abs_section_2b"
  _TPM1C2SC 
SECTION: ".abs_section_2e"
  _TPM1C3SC 
SECTION: ".abs_section_31"
  _TPM1C4SC 
SECTION: ".abs_section_34"
  _TPM1C5SC 
SECTION: ".abs_section_3a"
  _SCI1C1 
SECTION: ".abs_section_3b"
  _SCI1C2 
SECTION: ".abs_section_3c"
  _SCI1S1 
SECTION: ".abs_section_3d"
  _SCI1S2 
SECTION: ".abs_section_3e"
  _SCI1C3 
SECTION: ".abs_section_3f"
  _SCI1D 
SECTION: ".abs_section_42"
  _SCI2C1 
SECTION: ".abs_section_43"
  _SCI2C2 
SECTION: ".abs_section_44"
  _SCI2S1 
SECTION: ".abs_section_45"
  _SCI2S2 
SECTION: ".abs_section_46"
  _SCI2C3 
SECTION: ".abs_section_47"
  _SCI2D 
SECTION: ".abs_section_48"
  _MCGC1 
SECTION: ".abs_section_49"
  _MCGC2 
SECTION: ".abs_section_4a"
  _MCGTRM 
SECTION: ".abs_section_4b"
  _MCGSC 
SECTION: ".abs_section_4c"
  _MCGC3 
SECTION: ".abs_section_50"
  _SPI1C1 
SECTION: ".abs_section_51"
  _SPI1C2 
SECTION: ".abs_section_52"
  _SPI1BR 
SECTION: ".abs_section_53"
  _SPI1S 
SECTION: ".abs_section_58"
  _IICA 
SECTION: ".abs_section_59"
  _IICF 
SECTION: ".abs_section_5a"
  _IICC1 
SECTION: ".abs_section_5b"
  _IICS 
SECTION: ".abs_section_5c"
  _IICD 
SECTION: ".abs_section_5d"
  _IICC2 
SECTION: ".abs_section_60"
  _TPM2SC 
SECTION: ".abs_section_65"
  _TPM2C0SC 
SECTION: ".abs_section_68"
  _TPM2C1SC 
SECTION: ".abs_section_6c"
  _RTCSC 
SECTION: ".abs_section_6d"
  _RTCCNT 
SECTION: ".abs_section_6e"
  _RTCMOD 
SECTION: ".abs_section_70"
  _SPI2C1 
SECTION: ".abs_section_71"
  _SPI2C2 
SECTION: ".abs_section_72"
  _SPI2BR 
SECTION: ".abs_section_73"
  _SPI2S 
SECTION: ".abs_section_80"
  _USBCTL0 
SECTION: ".abs_section_88"
  _PERID 
SECTION: ".abs_section_89"
  _IDCOMP 
SECTION: ".abs_section_8a"
  _REV 
SECTION: ".abs_section_90"
  _INTSTAT 
SECTION: ".abs_section_91"
  _INTENB 
SECTION: ".abs_section_92"
  _ERRSTAT 
SECTION: ".abs_section_93"
  _ERRENB 
SECTION: ".abs_section_94"
  _STAT 
SECTION: ".abs_section_95"
  _CTL 
SECTION: ".abs_section_96"
  _ADDR 
SECTION: ".abs_section_97"
  _FRMNUML 
SECTION: ".abs_section_98"
  _FRMNUMH 
SECTION: ".abs_section_9d"
  _EPCTL0 
SECTION: ".abs_section_9e"
  _EPCTL1 
SECTION: ".abs_section_9f"
  _EPCTL2 
SECTION: ".abs_section_a0"
  _EPCTL3 
SECTION: ".abs_section_a1"
  _EPCTL4 
SECTION: ".abs_section_a2"
  _EPCTL5 
SECTION: ".abs_section_a3"
  _EPCTL6 
SECTION: ".abs_section_1800"
  _SRS 
SECTION: ".abs_section_1801"
  _SBDFR 
SECTION: ".abs_section_1802"
  _SOPT1 
SECTION: ".abs_section_1803"
  _SOPT2 
SECTION: ".abs_section_1809"
  _SPMSC1 
SECTION: ".abs_section_180a"
  _SPMSC2 
SECTION: ".abs_section_1816"
  _DBGC 
SECTION: ".abs_section_1817"
  _DBGT 
SECTION: ".abs_section_1818"
  _DBGS 
SECTION: ".abs_section_1820"
  _FCDIV 
SECTION: ".abs_section_1821"
  _FOPT 
SECTION: ".abs_section_1823"
  _FCNFG 
SECTION: ".abs_section_1824"
  _FPROT 
SECTION: ".abs_section_1825"
  _FSTAT 
SECTION: ".abs_section_1826"
  _FCMD 
SECTION: ".abs_section_1840"
  _PTAPE 
SECTION: ".abs_section_1841"
  _PTASE 
SECTION: ".abs_section_1842"
  _PTADS 
SECTION: ".abs_section_1844"
  _PTBPE 
SECTION: ".abs_section_1845"
  _PTBSE 
SECTION: ".abs_section_1846"
  _PTBDS 
SECTION: ".abs_section_1848"
  _PTCPE 
SECTION: ".abs_section_1849"
  _PTCSE 
SECTION: ".abs_section_184a"
  _PTCDS 
SECTION: ".abs_section_184c"
  _PTDPE 
SECTION: ".abs_section_184d"
  _PTDSE 
SECTION: ".abs_section_184e"
  _PTDDS 
SECTION: ".abs_section_1850"
  _PTEPE 
SECTION: ".abs_section_1851"
  _PTESE 
SECTION: ".abs_section_1852"
  _PTEDS 
SECTION: ".abs_section_1854"
  _PTFPE 
SECTION: ".abs_section_1855"
  _PTFSE 
SECTION: ".abs_section_1856"
  _PTFDS 
SECTION: ".abs_section_1858"
  _PTGPE 
SECTION: ".abs_section_1859"
  _PTGSE 
SECTION: ".abs_section_185a"
  _PTGDS 
SECTION: ".abs_section_12"
  _ADCR 
SECTION: ".abs_section_14"
  _ADCCV 
SECTION: ".abs_section_21"
  _TPM1CNT 
SECTION: ".abs_section_23"
  _TPM1MOD 
SECTION: ".abs_section_26"
  _TPM1C0V 
SECTION: ".abs_section_29"
  _TPM1C1V 
SECTION: ".abs_section_2c"
  _TPM1C2V 
SECTION: ".abs_section_2f"
  _TPM1C3V 
SECTION: ".abs_section_32"
  _TPM1C4V 
SECTION: ".abs_section_35"
  _TPM1C5V 
SECTION: ".abs_section_38"
  _SCI1BD 
SECTION: ".abs_section_40"
  _SCI2BD 
SECTION: ".abs_section_54"
  _SPI1D16 
SECTION: ".abs_section_56"
  _SPI1M 
SECTION: ".abs_section_61"
  _TPM2CNT 
SECTION: ".abs_section_63"
  _TPM2MOD 
SECTION: ".abs_section_66"
  _TPM2C0V 
SECTION: ".abs_section_69"
  _TPM2C1V 
SECTION: ".abs_section_74"
  _SPI2D16 
SECTION: ".abs_section_76"
  _SPI2M 
SECTION: ".abs_section_1806"
  _SDID 
SECTION: ".abs_section_1810"
  _DBGCA 
SECTION: ".abs_section_1812"
  _DBGCB 
SECTION: ".abs_section_1814"
  _DBGF 
SECTION: ".abs_section_fff0"
  _Vector_7 
SECTION: ".abs_section_ffbf"
  NVOPT_INIT 
SECTION: ".abs_section_ffbd"
  NVPROT_INIT 
SECTION: ".abs_section_fbbc"
  _UserEntry 
SECTION: ".abs_section_fbc4"
  _Usr_Vector 
SECTION: ".abs_section_b0"
  _ICP_VAR 
SECTION: ".abs_section_b1"
  ICP_USB_State 
SECTION: ".abs_section_b2"
  pDataIN 
SECTION: ".abs_section_b4"
  pDataBuf 
SECTION: ".abs_section_b6"
  DataIN_Cnt 
SECTION: ".abs_section_b7"
  vICPStatus 
SECTION: ".abs_section_b8"
  vStartAddr 
SECTION: ".abs_section_ba"
  vByteNumber 
SECTION: ".abs_section_1860"
  ICP_BDT 
SECTION: ".abs_section_1880"
  ICP_IN_Data 
SECTION: ".abs_section_1890"
  ICP_Setup 
SECTION: ".abs_section_ffda"
  _Vector_18 
SECTION: ".abs_section_ffdc"
  _Vector_17 

*********************************************************************************************
OBJECT LIST SORTED BY ADDRESS
     Name                                      Addr   hSize   dSize     Ref    Section   RLIB
---------------------------------------------------------------------------------------------
     _PTAD                                        0       1       1       0   .abs_section_0
     _PTADD                                       1       1       1       6   .abs_section_1
     _PTBD                                        2       1       1      19   .abs_section_2
     _PTBDD                                       3       1       1       6   .abs_section_3
     _PTCD                                        4       1       1       4   .abs_section_4
     _PTCDD                                       5       1       1       6   .abs_section_5
     _PTDD                                        6       1       1       0   .abs_section_6
     _PTDDD                                       7       1       1       8   .abs_section_7
     _PTED                                        8       1       1       9   .abs_section_8
     _PTEDD                                       9       1       1       7   .abs_section_9
     _PTFD                                        A       1       1      17   .abs_section_a
     _PTFDD                                       B       1       1       9   .abs_section_b
     _PTGD                                        C       1       1       7   .abs_section_c
     _PTGDD                                       D       1       1       3   .abs_section_d
     _ACMPSC                                      E       1       1       0   .abs_section_e
     _ADCSC1                                     10       1       1       0   .abs_section_10
     _ADCSC2                                     11       1       1       0   .abs_section_11
     _ADCR                                       12       2       2       0   .abs_section_12
     _ADCCV                                      14       2       2       0   .abs_section_14
     _ADCCFG                                     16       1       1       0   .abs_section_16
     _APCTL1                                     17       1       1       0   .abs_section_17
     _APCTL2                                     18       1       1       0   .abs_section_18
     _IRQSC                                      1B       1       1       0   .abs_section_1b
     _KBISC                                      1C       1       1       3   .abs_section_1c
     _KBIPE                                      1D       1       1       2   .abs_section_1d
     _KBIES                                      1E       1       1       2   .abs_section_1e
     _TPM1SC                                     20       1       1       0   .abs_section_20
     _TPM1CNT                                    21       2       2       0   .abs_section_21
     _TPM1MOD                                    23       2       2       0   .abs_section_23
     _TPM1C0SC                                   25       1       1       0   .abs_section_25
     _TPM1C0V                                    26       2       2       0   .abs_section_26
     _TPM1C1SC                                   28       1       1       0   .abs_section_28
     _TPM1C1V                                    29       2       2       0   .abs_section_29
     _TPM1C2SC                                   2B       1       1       0   .abs_section_2b
     _TPM1C2V                                    2C       2       2       0   .abs_section_2c
     _TPM1C3SC                                   2E       1       1       0   .abs_section_2e
     _TPM1C3V                                    2F       2       2       0   .abs_section_2f
     _TPM1C4SC                                   31       1       1       0   .abs_section_31
     _TPM1C4V                                    32       2       2       0   .abs_section_32
     _TPM1C5SC                                   34       1       1       0   .abs_section_34
     _TPM1C5V                                    35       2       2       0   .abs_section_35
     _SCI1BD                                     38       2       2       7   .abs_section_38
     _SCI1C1                                     3A       1       1       1   .abs_section_3a
     _SCI1C2                                     3B       1       1       1   .abs_section_3b
     _SCI1S1                                     3C       1       1       3   .abs_section_3c
     _SCI1S2                                     3D       1       1       1   .abs_section_3d
     _SCI1C3                                     3E       1       1       1   .abs_section_3e
     _SCI1D                                      3F       1       1       2   .abs_section_3f
     _SCI2BD                                     40       2       2       6   .abs_section_40
     _SCI2C1                                     42       1       1       1   .abs_section_42
     _SCI2C2                                     43       1       1       1   .abs_section_43
     _SCI2S1                                     44       1       1       3   .abs_section_44
     _SCI2S2                                     45       1       1       1   .abs_section_45
     _SCI2C3                                     46       1       1       1   .abs_section_46
     _SCI2D                                      47       1       1       2   .abs_section_47
     _MCGC1                                      48       1       1       6   .abs_section_48
     _MCGC2                                      49       1       1       3   .abs_section_49
     _MCGTRM                                     4A       1       1       0   .abs_section_4a
     _MCGSC                                      4B       1       1      14   .abs_section_4b
     _MCGC3                                      4C       1       1       4   .abs_section_4c
     _SPI1C1                                     50       1       1       0   .abs_section_50
     _SPI1C2                                     51       1       1       0   .abs_section_51
     _SPI1BR                                     52       1       1       0   .abs_section_52
     _SPI1S                                      53       1       1       0   .abs_section_53
     _SPI1D16                                    54       2       2       0   .abs_section_54
     _SPI1M                                      56       2       2       0   .abs_section_56
     _IICA                                       58       1       1       0   .abs_section_58
     _IICF                                       59       1       1       0   .abs_section_59
     _IICC1                                      5A       1       1       0   .abs_section_5a
     _IICS                                       5B       1       1       0   .abs_section_5b
     _IICD                                       5C       1       1       0   .abs_section_5c
     _IICC2                                      5D       1       1       0   .abs_section_5d
     _TPM2SC                                     60       1       1      11   .abs_section_60
     _TPM2CNT                                    61       2       2       0   .abs_section_61
     _TPM2MOD                                    63       2       2       0   .abs_section_63
     _TPM2C0SC                                   65       1       1       4   .abs_section_65
     _TPM2C0V                                    66       2       2       0   .abs_section_66
     _TPM2C1SC                                   68       1       1      11   .abs_section_68
     _TPM2C1V                                    69       2       2       2   .abs_section_69
     _RTCSC                                      6C       1       1       6   .abs_section_6c
     _RTCCNT                                     6D       1       1       0   .abs_section_6d
     _RTCMOD                                     6E       1       1       1   .abs_section_6e
     _SPI2C1                                     70       1       1       3   .abs_section_70
     _SPI2C2                                     71       1       1       1   .abs_section_71
     _SPI2BR                                     72       1       1       4   .abs_section_72
     _SPI2S                                      73       1       1       3   .abs_section_73
     _SPI2D16                                    74       2       2       4   .abs_section_74
     _SPI2M                                      76       2       2       0   .abs_section_76
     _USBCTL0                                    80       1       1       9   .abs_section_80
     _PERID                                      88       1       1       0   .abs_section_88
     _IDCOMP                                     89       1       1       0   .abs_section_89
     _REV                                        8A       1       1       0   .abs_section_8a
     _INTSTAT                                    90       1       1      13   .abs_section_90
     _INTENB                                     91       1       1       7   .abs_section_91
     _ERRSTAT                                    92       1       1       1   .abs_section_92
     _ERRENB                                     93       1       1       1   .abs_section_93
     _STAT                                       94       1       1       4   .abs_section_94
     _CTL                                        95       1       1       8   .abs_section_95
     _ADDR                                       96       1       1       4   .abs_section_96
     _FRMNUML                                    97       1       1       0   .abs_section_97
     _FRMNUMH                                    98       1       1       0   .abs_section_98
     _EPCTL0                                     9D       1       1      10   .abs_section_9d
     _EPCTL1                                     9E       1       1       2   .abs_section_9e
     _EPCTL2                                     9F       1       1       0   .abs_section_9f
     _EPCTL3                                     A0       1       1       0   .abs_section_a0
     _EPCTL4                                     A1       1       1       0   .abs_section_a1
     _EPCTL5                                     A2       1       1       0   .abs_section_a2
     _EPCTL6                                     A3       1       1       0   .abs_section_a3
     _ICP_VAR                                    B0       1       1      13   .abs_section_b0
     ICP_USB_State                               B1       1       1       6   .abs_section_b1
     pDataIN                                     B2       2       2       7   .abs_section_b2
     pDataBuf                                    B4       2       2       4   .abs_section_b4
     DataIN_Cnt                                  B6       1       1      10   .abs_section_b6
     vICPStatus                                  B7       1       1       5   .abs_section_b7
     vStartAddr                                  B8       2       2       3   .abs_section_b8
     vByteNumber                                 BA       1       1       3   .abs_section_ba
     line_coding                                100       7       7       2   .data       
     power_on_flag                              107       1       1       3   .data       
     guRxLed                                    108       1       1       5   .data       
     guTxLed                                    109       1       1       5   .data       
     ir_temp_data                               10A       1       1       5   .data       
[...]
                                SD_SendCommand SPI_Receive_byte 
SD_SendCommand            USES SPI_Send_byte gu8SD_Argument SPI_Receive_byte 
SD_CLKDelay               USES SPI_Send_byte 
got_line_coding           USES new_line_coding 
usb_ep0_callback          USES usb_get_rx_pptr uart_state line_coding usb_send 
                                got_line_coding usb_receive ctrl_line_state 
cdc_init                  USES new_line_coding uart_state tx_buffer1 
                                cur_tx_buffer tx_ndx rx_length rx_ndx 
cdc_process               USES usb_get_state cdc_process usb_ep_is_busy rx_ndx 
                                rx_length usb_ep_error usb_get_done rx_buffer 
                                usb_receive tx_ndx cur_tx_buffer usb_send tx_buffer1 
                                tx_buffer2 
main                      USES DC16_Init delay_ms cdc_init _RTCSC guLoadStep 
                                guLoadCLK hw_init _SPI2BR _TPM2SC usb_stop 
                                set_clock_12MHz usb_enabled_flag _PTGD main guLoadSCI 
                                guLoadBaud _SCI1BD _SCI2BD _SCI1C1 _SCI1C2 _SCI1S2 
                                _SCI1C3 _SCI2C1 _SCI2C2 _SCI2S2 _SCI2C3 power_on_flag 
                                STRING.Program.Started...1 DC16_Com_Send Input_Buf DC16_Com_Recv Filename 
                                DC16_Get_Request gau8Minicom memset SD_Init 
                                FAT_Read_Master_Block FAT_Find STRING.ERR404.HTM.2 strcpy 
                                FAT_FileOpen FAT_Open_File_Size DC16_File_Type 
                                DC16_Webserver FAT_FileRead DC16_Button 
DC16_Button               USES _PTGD delay_ms 
DC16_File_Type            USES strlen DC16_File_Type STRING.HTM.3 strncmp 
                                STRING.PNG.4 STRING.JPG.5 STRING.GIF.6 STRING.BMP.7 
                                STRING.PDF.8 
DC16_Webserver            USES STRING.HTTP.1.1.200.OK...9 
                                STRING.HTTP.1.1.404.Not.Fou.10 STRING.HTTP.1.1.500.Server..11 DC16_Webserver 
                                STRING.Server..DC16.Web.Bad.12 STRING.Accept.Ranges..bytes.13 DC16_Com_Send 
                                ultoa STRING.Content.Length...s...14 scratch sprintf 
                                _Jump_Table_Header_Offset STRING.Content.Type..text.h.15 
                                STRING.Content.Type..image..16 STRING.Content.Type..image..17 
                                STRING.Content.Type..image..18 STRING.Content.Type..image..19 
                                STRING.Content.Type..Conten.20 STRING.Content.Type..Conten.21 _COPY 
DC16_Init                 USES set_clock_12MHz _PTFDD _PTEDD _PTFDS DC16_Init 
                                _PTEDS _PTADD _PTBDD _PTCDD _PTDDD _PTGDD _SPMSC1 
                                _SPMSC2 _KBISC _KBIES _PTGPE _KBIPE SPI_Init _PTBPE 
                                _RTCMOD _RTCSC _TPM2SC _PTFD _TPM2C0SC _PTFPE 
                                _TPM2C1SC 
set_clock_12MHz           USES _MCGC2 _MCGSC _MCGC1 _MCGC3 _TPM2SC _SPI2BR 
DC16_Led                  USES power_on_flag guLoadStep _PTFD guLoadCLK 
                                guLoadSCI guLoadBaud _PTED _PTBD counter guRxLed guTxLed 
DC16_Get_Request          USES DC16_Get_Request STRING.INDEX.HTM.32 strcpy 
DC16_Com_Send             USES strlen _SCI1S1 _SCI2S1 _SCI1D _SCI2D guTxLed 
                                timeout timeoutReset guLoadSCI 
DC16_Com_Recv             USES timeoutReset guLoadSCI timeout _SCI1S1 _SCI1D 
                                _SCI2S1 _SCI2D guRxLed 
ultoa                     USES _LMODU_RC _LDIVU_RC _POP32 _IDIVS_STAR08 
delay_ms                  USES _MCGC3 
RTC_ISR                   USES _RTCSC counter timeoutTouch guRxLed guTxLed 
                                DC16_Led usb_enabled_flag _PTGD cdc_process 
KBI_ISR                   USES _KBISC 
ir_interrupt_period       USES _TPM2C1SC _TPM2C1V 
ir_as_falling_edge        USES _TPM2C1SC 
isr_TPM2_TO               USES _TPM2SC _PTCDD _PTCD 
ir_timer_interrupt        USES _TPM2C1SC ir_interrupt_period ir_temp_data 
                                infrared_dc16_protocol ir_as_falling_edge 
infrared_dc16_protocol    USES _PTCDD _PTCD _PTFD ir_temp_data ir_state 
                                ir_received_data ir_command ir_rx_byte 
timeoutReset              USES TimeMcOut 
timeoutTouch              USES TimeMcOut 
timeout                   USES TimeMcOut 
_UserEntry                USES _Startup 
_Usr_Vector               USES RTC_ISR Dummy_ISR KBI_ISR isr_TPM2_TO 
                                ir_timer_interrupt usb_it_handler 
_Entry                    USES _SOPT1 _SOPT2 _PTGDD _PTGPE _MCGC2 _MCGSC 
                                _MCGC1 _MCGC3 _PTGD _UserEntry _PTFDD _PTEDD _PTFDS 
                                _PTEDS _PTFD _PTED _USBCTL0 Bootloader_Main 
ICP_USB_TX_Service        USES DataIN_Cnt ICP_BDT ICP_IN_Data pDataBuf pDataIN 
ICP_USB_End_Service       USES _ICP_VAR _EPCTL0 ICP_Setup DataIN_Cnt 
                                ICP_USB_TX_Service ICP_USB_State ICP_BDT _CTL 
ICP_Setup_Handler         USES ICP_USB_State _ICP_VAR DataIN_Cnt ICP_Setup 
                                ICP_DeviceDesc pDataIN ICP_ConfigDesc ICP_StringDesc 
                                Flash_Erase vICPStatus vByteNumber ICP_USB_End_Service 
                                vStartAddr 
ICP_USB_Wait              USES ICP_USB_State ICP_BDT 
ICP_In_Handler            USES _ICP_VAR ICP_Setup _ADDR ICP_USB_State 
                                ICP_USB_TX_Service ICP_BDT ICP_USB_Wait 
ICP_Out_Handler           USES ICP_BDT ICP_USB_State _ICP_VAR vByteNumber 
                                vStartAddr ICP_Setup Flash_Program vICPStatus 
                                Flash_Verify ICP_USB_Wait 
Init_USB                  USES _USBCTL0 ICP_BDT _CTL _INTSTAT _ERRSTAT _ERRENB 
                                _INTENB _ADDR _EPCTL0 
Bootloader_Main           USES Init_USB _FCDIV _ICP_VAR vICPStatus 
                                FLASHPGM_Copy _INTSTAT _STAT ICP_BDT ICP_Setup_Handler 
                                ICP_Out_Handler ICP_In_Handler 
Flash_Program             USES FLASHPGM 
Flash_Erase               USES FLASHPGM 
FLASHPGM_Copy             USES FLASHPGM_ROM FLASHPGM 
_Vector_18                USES isr_TPM2_TO 
_Vector_17                USES ir_timer_interrupt 
_Vector_7                 USES usb_it_handler 

*********************************************************************************************
DEPENDENCY TREE
*********************************************************************************************
 main and _Startup Group
 | 
 +- main                
 |  | 
 |  +- DC16_Init           
 |  |  | 
 |  |  +- set_clock_12MHz     
 |  |  |    
 |  |  +- SPI_Init            
 |  |       
 |  +- delay_ms            
 |  |    
 |  +- cdc_init            
 |  |    
 |  +- hw_init             
 |  |  | 
 |  |  +- init_clock          
 |  |       
 |  +- usb_stop            
 |  |  | 
 |  |  +- enter_default_state 
 |  |  |  | 
 |  |  |  +- usb_setup_ep        
 |  |  |  |  | 
 |  |  |  |  +- disable_ep          
 |  |  |  |  |    
 |  |  |  |  +- _IMUL_STAR08        
 |  |  |  |       
 |  |  |  +- set_config          
 |  |  |     | 
 |  |  |     +- get_ep_descriptor   
 |  |  |     |    
 |  |  |     +- usb_setup_ep         (see above)
 |  |  |     |  
 |  |  |     +- is_ep_ndx           
 |  |  |     |    
 |  |  |     +- is_ifc_ndx          
 |  |  |          
 |  |  +- usb_setup_ep         (see above)
 |  |     
 |  +- set_clock_12MHz      (see above)
 |  |  
 |  +- DC16_Com_Send       
 |  |  | 
 |  |  +- strlen              
 |  |  |    
 |  |  +- timeout             
 |  |  |    
 |  |  +- timeoutReset        
 |  |       
 |  +- DC16_Com_Recv       
 |  |  | 
 |  |  +- timeoutReset         (see above)
 |  |  |  
 |  |  +- timeout              (see above)
 |  |     
 |  +- DC16_Get_Request    
 |  |  | 
 |  |  +- strcpy              
 |  |       
 |  +- memset              
 |  |    
 |  +- SD_Init             
 |  |  | 
 |  |  +- SPI_Init             (see above)
 |  |  |  
 |  |  +- SD_CLKDelay         
 |  |  |  | 
 |  |  |  +- SPI_Send_byte       
 |  |  |       
 |  |  +- SD_SendCommand      
 |  |  |  | 
 |  |  |  +- SPI_Send_byte        (see above)
 |  |  |  |  
 |  |  |  +- SPI_Receive_byte    
 |  |  |     | 
 |  |  |     +- timeoutReset         (see above)
 |  |  |     |  
 |  |  |     +- timeout              (see above)
 |  |  |        
 |  |  +- SPI_Receive_byte     (see above)
 |  |  |  
 |  |  +- SPI_High_rate       
 |  |  |    
 |  |  +- SPI_Send_byte        (see above)
 |  |     
 |  +- FAT_Read_Master_Block
 |  |  | 
 |  |  +- SD_Read_Block       
 |  |     | 
 |  |     +- _LLSL               
 |  |     |  | 
 |  |     |  +- _ENTER_UNARY_L      
 |  |     |       
 |  |     +- _POP32              
 |  |     |    
 |  |     +- SD_SendCommand       (see above)
 |  |     |  
 |  |     +- SPI_Receive_byte     (see above)
 |  |        
 |  +- FAT_Find            
 |  |  | 
 |  |  +- SD_Read_Block        (see above)
 |  |     
 |  +- strcpy               (see above)
 |  |  
 |  +- FAT_FileOpen        
 |  |  | 
 |  |  +- FAT_FileNameOrganizer
 |  |  |    
 |  |  +- SD_Read_Block        (see above)
 |  |  |  
 |  |  +- LWordSwap           
 |  |  |  | 
 |  |  |  +- _LAND_RC            
 |  |  |  |  | 
 |  |  |  |  +- _ENTER_BINARY_L_RC  
 |  |  |  |  |  | 
 |  |  |  |  |  +- _PUSH_ARGS_L        
 |  |  |  |  |       
 |  |  |  |  +- _LAND_k_is_k_and_j  
 |  |  |  |       
 |  |  |  +- _LLSR               
 |  |  |  |  | 
 |  |  |  |  +- _ENTER_UNARY_L       (see above)
 |  |  |  |     
 |  |  |  +- _POP32               (see above)
 |  |  |  |  
 |  |  |  +- _LADD               
 |  |  |  |  | 
 |  |  |  |  +- _ENTER_BINARY_L     
 |  |  |  |  |  | 
 |  |  |  |  |  +- _PUSH_ARGS_L         (see above)
 |  |  |  |  |     
 |  |  |  |  +- _LADD_k_is_k_plus_j 
 |  |  |  |       
 |  |  |  +- _LLSL                (see above)
 |  |  |  |  
 |  |  |  +- _COPY               
 |  |  |       
 |  |  +- FAT_Entry           
 |  |  |  | 
 |  |  |  +- _IDIVU_STAR08       
 |  |  |  |  | 
 |  |  |  |  +- _IDIVMOD            
 |  |  |  |       
 |  |  |  +- _IMODU_STAR08       
 |  |  |  |  | 
 |  |  |  |  +- _IDIVMOD             (see above)
 |  |  |  |     
 |  |  |  +- SD_Read_Block        (see above)
 |  |  |  |  
 |  |  |  +- SD_Write_Block      
 |  |  |     | 
 |  |  |     +- _LLSL                (see above)
 |  |  |     |  
 |  |  |     +- _POP32               (see above)
 |  |  |     |  
 |  |  |     +- SD_SendCommand       (see above)
 |  |  |     |  
 |  |  |     +- SPI_Send_byte        (see above)
 |  |  |     |  
 |  |  |     +- SPI_Receive_byte     (see above)
 |  |  |        
 |  |  +- _IMODU_STAR08        (see above)
 |  |  |  
 |  |  +- _IDIVU_STAR08        (see above)
 |  |  |  
 |  |  +- _ILSL               
 |  |  |    
 |  |  +- _ILSR               
 |  |  |    
 |  |  +- FAT_SearchAvailableFAT
 |  |     | 
 |  |     +- SD_Read_Block        (see above)
 |  |        
 |  +- FAT_Open_File_Size  
 |  |  | 
 |  |  +- _COPY                (see above)
 |  |     
 |  +- DC16_File_Type      
 |  |  | 
 |  |  +- strlen               (see above)
 |  |  |  
 |  |  +- strncmp             
 |  |       
 |  +- DC16_Webserver      
 |  |  | 
 |  |  +- DC16_Com_Send        (see above)
 |  |  |  
 |  |  +- ultoa               
 |  |  |  | 
 |  |  |  +- _LMODU_RC           
 |  |  |  |  | 
 |  |  |  |  +- _ENTER_BINARY_L_RC   (see above)
 |  |  |  |  |  
 |  |  |  |  +- _LMODU_k_is_k_mod_j 
 |  |  |  |     | 
 |  |  |  |     +- _LDIVMOD            
 |  |  |  |          
 |  |  |  +- _LDIVU_RC           
 |  |  |  |  | 
 |  |  |  |  +- _ENTER_BINARY_L_RC   (see above)
 |  |  |  |  |  
 |  |  |  |  +- _LDIVU_k_is_k_div_j 
 |  |  |  |     | 
 |  |  |  |     +- _LDIVMOD             (see above)
 |  |  |  |        
 |  |  |  +- _POP32               (see above)
 |  |  |  |  
 |  |  |  +- _IDIVS_STAR08       
 |  |  |     | 
 |  |  |     +- _SPLITSIGN          
 |  |  |        | 
 |  |  |        +- _IDIVMOD             (see above)
 |  |  |           
 |  |  +- sprintf             
 |  |  |  | 
 |  |  |  +- deposit_char        
 |  |  |  |    
 |  |  |  +- vprintf             
 |  |  |     | 
 |  |  |     +- _out                
 |  |  |     |    
 |  |  |     +- _Search_Table_8_Offset
 |  |  |     |    
 |  |  |     +- _IMUL_STAR08         (see above)
 |  |  |     |  
 |  |  |     +- _Jump_Table_Addr    
 |  |  |     |    
 |  |  |     +- _Search_Table_8_Addr
 |  |  |     |    
 |  |  |     +- _SEXT16_32          
 |  |  |     |    
 |  |  |     +- _POP32               (see above)
 |  |  |     |  
 |  |  |     +- _LNEG               
 |  |  |     |  | 
 |  |  |     |  +- _ENTER_UNARY_L       (see above)
 |  |  |     |     
 |  |  |     +- _LCMP               
 |  |  |     |  | 
 |  |  |     |  +- _ENTER_BINARY_L      (see above)
 |  |  |     |  |  
 |  |  |     |  +- _LCMP_k_rel_j       
 |  |  |     |       
 |  |  |     +- _COPY                (see above)
 |  |  |     |  
 |  |  |     +- _LSUB               
 |  |  |        | 
 |  |  |        +- _ENTER_BINARY_L      (see above)
 |  |  |        |  
 |  |  |        +- _LSUB_k_is_k_minus_j
 |  |  |             
 |  |  +- _Jump_Table_Header_Offset
 |  |  |    
 |  |  +- _COPY                (see above)
 |  |     
 |  +- FAT_FileRead        
 |  |  | 
 |  |  +- _IMUL_STAR08         (see above)
 |  |  |  
 |  |  +- SD_Read_Block        (see above)
 |  |  |  
 |  |  +- _LCMP                (see above)
 |  |  |  
 |  |  +- _LSUB                (see above)
 |  |  |  
 |  |  +- _POP32               (see above)
 |  |  |  
 |  |  +- FAT_Entry            (see above)
 |  |     
 |  +- DC16_Button         
 |     | 
 |     +- delay_ms             (see above)
 |        
 +- _Startup            
    | 
    +- Init                
    |  | 
    |  +- loadByte            
    |       
    +- main                 (see above)
       
 _Vector_7           
 | 
 +- usb_it_handler      
    | 
    +- enter_default_state  (see above)
    |  
    +- usb_reset_event     
    |    
    +- usb_bus_error_event 
    |    
    +- usb_wakeup_event    
    |    
    +- usb_suspend_event   
    |    
    +- _Jump_Table_Header_Offset (see above)
    |  
    +- usb_stm_ctrl0       
    |  | 
    |  +- usb_get_rx_pptr     
    |  |  | 
    |  |  +- ep2bdtndx           
    |  |       
    |  +- _Jump_Table_Header_Addr
    |  |    
    |  +- cb_set_address      
    |  |  | 
    |  |  +- enter_default_state  (see above)
    |  |     
    |  +- get_device_descriptor
    |  |    
    |  +- is_cfgd_index       
    |  |    
    |  +- get_cfg_descriptor  
    |  |    
    |  +- usb_send            
    |  |  | 
    |  |  +- _LCMP                (see above)
    |  |  |  
    |  |  +- _COPY                (see above)
    |  |  |  
    |  |  +- _irq_disable        
    |  |  |    
    |  |  +- _usb_send           
    |  |  |  | 
    |  |  |  +- _LCMP                (see above)
    |  |  |  |  
    |  |  |  +- ep2bdtndx            (see above)
    |  |  |  |  
    |  |  |  +- ready_ep_tx         
    |  |  |  |  | 
    |  |  |  |  +- ep2bdtndx            (see above)
    |  |  |  |  |  
    |  |  |  |  +- _IMUL_STAR08         (see above)
    |  |  |  |     
    |  |  |  +- _LSUB                (see above)
    |  |  |  |  
    |  |  |  +- _POP32               (see above)
    |  |  |  |  
    |  |  |  +- send_zero_packet    
    |  |  |     | 
    |  |  |     +- ep2bdtndx            (see above)
    |  |  |     |  
    |  |  |     +- ready_ep_tx          (see above)
    |  |  |        
    |  |  +- _irq_restore        
    |  |       
    |  +- is_str_index        
    |  |    
    |  +- get_str_descriptor  
    |  |    
    |  +- set_config           (see above)
    |  |  
    |  +- ep2bdtndx            (see above)
    |  |  
    |  +- usb_ep0_callback    
    |     | 
    |     +- usb_get_rx_pptr      (see above)
    |     |  
    |     +- usb_send             (see above)
    |     |  
    |     +- got_line_coding     
    |     |    
    |     +- usb_receive         
    |        | 
    |        +- _COPY                (see above)
    |        |  
    |        +- ready_ep_rx         
    |           | 
    |           +- ep2bdtndx            (see above)
    |           |  
    |           +- _IMUL_STAR08         (see above)
    |              
    +- usb_stop_ep_tx      
    |  | 
    |  +- _irq_disable         (see above)
    |  |  
    |  +- _irq_restore         (see above)
    |     
    +- usb_stop_ep_rx      
    |  | 
    |  +- _irq_disable         (see above)
    |  |  
    |  +- _irq_restore         (see above)
    |     
    +- _usb_send            (see above)
    |  
    +- _usb_receive        
    |  | 
    |  +- ep2bdtndx            (see above)
    |  |  
    |  +- _LCMP                (see above)
    |  |  
    |  +- usb_stop_ep_rx       (see above)
    |  |  
    |  +- _LSUB                (see above)
    |  |  
    |  +- _POP32               (see above)
    |     
    +- send_zero_packet     (see above)
    |  
    +- ready_ep_rx          (see above)
       
 _UserEntry          
 | 
 +- _Startup             (see above)
    
 _Usr_Vector         
 | 
 +- RTC_ISR             
 |  | 
 |  +- timeoutTouch        
 |  |    
 |  +- DC16_Led            
 |  |    
 |  +- cdc_process         
 |     | 
 |     +- usb_get_state       
 |     |    
 |     +- usb_ep_is_busy      
 |     |  | 
 |     |  +- _PUSH_CC            
 |     |  |    
 |     |  +- _POP_CC             
 |     |       
 |     +- usb_ep_error        
 |     |    
 |     +- usb_get_done        
 |     |  | 
 |     |  +- _LSUB                (see above)
 |     |  |  
 |     |  +- _POP32               (see above)
 |     |     
 |     +- usb_receive          (see above)
 |     |  
 |     +- usb_send             (see above)
 |        
 +- Dummy_ISR           
 |    
 +- KBI_ISR             
 |    
 +- isr_TPM2_TO         
 |    
 +- ir_timer_interrupt  
 |  | 
 |  +- ir_interrupt_period 
 |  |    
 |  +- infrared_dc16_protocol
 |  |    
 |  +- ir_as_falling_edge  
 |       
 +- usb_it_handler       (see above)
    
 _Vector_18          
 | 
 +- isr_TPM2_TO          (see above)
    
 _Vector_17          
 | 
 +- ir_timer_interrupt   (see above)
    
 _Entry              
 | 
 +* _UserEntry           (see above)
 |  
 +- Bootloader_Main     
    | 
    +- Init_USB            
    |    
    +- FLASHPGM_Copy       
    |    
    +- ICP_Setup_Handler   
    |  | 
    |  +- Flash_Erase         
    |  |    
    |  +- ICP_USB_End_Service 
    |     | 
    |     +- ICP_USB_TX_Service  
    |          
    +- ICP_Out_Handler     
    |  | 
    |  +- Flash_Program       
    |  |    
    |  +- Flash_Verify        
    |  |    
    |  +- ICP_USB_Wait        
    |       
    +- ICP_In_Handler      
       | 
       +- ICP_USB_TX_Service   (see above)
       |  
       +- ICP_USB_Wait         (see above)
          
*********************************************************************************************
STATISTIC SECTION
---------------------------------------------------------------------------------------------

ExeFile:
--------
Number of blocks to be downloaded: 13
Total size of all blocks to be downloaded: 14755

